000	START	0x2000	LRI	Reg0	0X00	WRITE TEST NUMBER TO 7SEG	
001			0x7002	IOW	Reg0	IO_02	TEST NUMBER = 0	
002			0x7003	IOW	Reg0	IO_03			
003			0x2000	LRI	Reg0	0X00	WRITE OUT ZERO FOR NO SWITCH	
004			0x700C	IOW	Reg0	IO_0C	WRITE LEDS WITH ZER0S	
005	NOSWS	0x600D	IOR	Reg0	IO_0D	READ SWITCHES	
006			0x80FF	ARI	Reg0	0XFF	LOOK AT ALL 8 SWITCHES	
007			0xC005	BEZ	NOSWS			NO SWITCHES ARE SET	
008	CHKSW1	0x600D	IOR	Reg0	IO_0D	READ SWITCHES AGAIN	
009			0x8001	ARI	Reg0	0X01	TEST SW1	
00a			0xD021	BNZ	TSTSLL			SW1 IS ON SLL	
00b	CHKSW2	0x600D	IOR	Reg0	IO_0D	READ SWITCHES AGAIN	
00c			0x8002	ARI	Reg0	0X02	TEST SW2	
00d			0xD02D	BNZ	TSTSLR			SW2 IS ON SLR	
00e	CHKSW3	0x600D	IOR	Reg0	IO_0D	READ SWITCHES AGAIN	
00f			0x8004	ARI	Reg0	0X04	TEST SW3	
010			0xD03B	BNZ	TSTSAL			SW3 IS ON SAL	
011	CHKSW4	0x600D	IOR	Reg0	IO_0D	READ SWITCHES AGAIN	
012			0x8008	ARI	Reg0	0X08	TEST SW4	
013			0xD047	BNZ	TSTSAR			SW4 IS ON  SAR	
014	CHKSW5	0x600D	IOR	Reg0	IO_0D	READ SWITCHES AGAIN	
015			0x8010	ARI	Reg0	0X10	TEST SW5	
016			0xD055	BNZ	TSTRRL			SW5 IS ON RRL	
017	CHKSW6	0x600D	IOR	Reg0	IO_0D	READ SWITCHES AGAIN	
018			0x8020	ARI	Reg0	0X20	TEST SW6	
019			0xD05F	BNZ	TSTRRR			SW6 IS ON RRR	
01a	CHKSW7	0x600D	IOR	Reg0	IO_0D	READ SWITCHES AGAIN	
01b			0x8040	ARI	Reg0	0X40	TEST SW7	
01c			0xD069	BNZ	TSTADI			SW7 IS ON ADI	
01d	CHKSW7	0x600D	IOR	Reg0	IO_0D	READ SWITCHES AGAIN	
01e			0x8080	ARI	Reg0	0X80	TEST SW7	
01f			0xD073	BNZ	TSTXRI			SW7 IS ON ADI	
020	ENDPOL	0xE000	JMP	START			NO SWITCH WAS ON	
021	TSTSLL	0x2001	LRI	Reg0	0X01	DISPLAY TEST NUMBER ON 7SEG	
022			0x7002	IOW	Reg0	IO_02			
023			0x2001	LRI	Reg0	0X01	TEST SHIFT LEFT	
024	LOOPSLL	0x700C	IOW	Reg0	IO_0C	WRITE LEDS WITH R0	
025			0xA084	JSR	WAIT250			WAIT 250 MS	
026			0x3001	SLL	Reg0	0X01	SHIFT LEFT	
027			0x80FF	ARI	Reg0	0XFF	CHECK IF RESULT SHIFTS OUT	
028			0xD024	BNZ	LOOPSLL					
029			0x610D	IOR	Reg1	IO_0D	READ SWITCHES	
02a			0x8101	ARI	Reg1	0X01	LOOK AT THE SWITCHES	
02b			0xC000	BEZ	START			SWITCHES ALL OFF	
02c			0xE021	JMP	TSTSLL			SWITCH STILL ON	
02d	TSTSLR	0x2002	LRI	Reg0	0X02	DISPLAY TEST NUMBER ON 7SEG	
02e			0x7002	IOW	Reg0	IO_02			
02f			0x2080	LRI	Reg0	0X80	SHIFT LOGICAL RIGHT	
030			0x2201	LRI	Reg2	0X01			
031	LOOPSLR	0x700C	IOW	Reg0	IO_0C	WRITE LEDS WITH R0	
032			0xA084	JSR	WAIT250			WAIT 250 MS	
033			0x3081	SLR	Reg0	0X01	SHIFT RIGHT	
034			0x3201	SLL	Reg2	0X01	SHIFT TEST BIT	
035			0x82FF	ARI	Reg2	0XFF	CHECK IF RESULT SHIFTS OUT	
036			0xD031	BNZ	LOOPSLR					
037			0x610D	IOR	Reg1	IO_0D	READ SWITCHES	
038			0x8102	ARI	Reg1	0X02	LOOK AT THE SWITCH	
039			0xC000	BEZ	START			SWITCHES ALL OFF	
03a			0xE02D	JMP	TSTSLR			SWITCH STILL ON	
03b	TSTSAL	0x2003	LRI	Reg0	0X03	DISPLAY TEST NUMBER ON 7SEG	
03c			0x7002	IOW	Reg0	IO_02			
03d			0x2001	LRI	Reg0	0X01	INITIALIZE R0 TO 1	
03e	LOOPSAL	0x700C	IOW	Reg0	IO_0C	WRITE LEDS WITH R0	
03f			0xA084	JSR	WAIT250			WAIT 250 MS	
040			0x3021	SAL	Reg0	0X01	SHIFT LEFT	
041			0x80FF	ARI	Reg0	0XFF	CHECK IF RESULT SHIFTS OUT	
042			0xD03E	BNZ	LOOPSAL					
043			0x610D	IOR	Reg1	IO_0D	READ SWITCHES	
044			0x8104	ARI	Reg1	0X04	LOOK AT THE SWITCH	
045			0xC000	BEZ	START			SWITCHES ALL OFF	
046			0xE03B	JMP	TSTSAL			SWITCH STILL ON	
047	TSTSAR	0x2004	LRI	Reg0	0X04	DISPLAY TEST NUMBER ON 7SEG	
048			0x7002	IOW	Reg0	IO_02			
049			0x2080	LRI	Reg0	0X80	WRITE LEDS WITH R0	
04a			0x2201	LRI	Reg2	0X01	LOOP BIT TEST	
04b	LOOPSAR	0x700C	IOW	Reg0	IO_0C	WRITE LEDS WITH R0	
04c			0x30A1	SAR	Reg0	0X01	SHIFT RIGHT	
04d			0x3201	SLL	Reg2	0X01	BIT TO TEST FOR LOOP	
04e			0xA084	JSR	WAIT250			WAIT 250 MS	
04f			0x82FF	ARI	Reg2	0XFF	CHECK FOR 0 (LOOP DONE)	
050			0xD04B	BNZ	LOOPSAR			MORE TO DO	
051			0x610D	IOR	Reg1	IO_0D	READ SWITCHES	
052			0x8108	ARI	Reg1	0X08	LOOK AT THE SWITCH	
053			0xC000	BEZ	START			SWITCHES ALL OFF	
054			0xE047	JMP	TSTSAR			SWITCH STILL ON	
055	TSTRRL	0x2005	LRI	Reg0	0X05	DISPLAY TEST NUMBER ON 7SEG	
056			0x7002	IOW	Reg0	IO_02			
057			0x2001	LRI	Reg0	0X01	TEST ROTATE LEFT	
058	LOOPRRL	0x700C	IOW	Reg0	IO_0C	WRITE LEDS WITH R0	
059			0xA084	JSR	WAIT250			WAIT 250 MS	
05a			0x3041	RRL	Reg0	0X01	ROTATE REG LEFT	
05b			0x610D	IOR	Reg1	IO_0D	READ SWITCHES	
05c			0x8110	ARI	Reg1	0X10	LOOK AT THE SWITCH	
05d			0xC000	BEZ	START			SWITCHES ALL OFF	
05e			0xE058	JMP	LOOPRRL			SWITCH STILL ON	
05f	TSTRRR	0x2006	LRI	Reg0	0X06	DISPLAY TEST NUMBER ON 7SEG	
060			0x7002	IOW	Reg0	IO_02			
061			0x2080	LRI	Reg0	0X80	TEST SHIFT LEFT	
062	LOOPRRR	0x700C	IOW	Reg0	IO_0C	WRITE LEDS WITH R0	
063			0xA084	JSR	WAIT250			WAIT 250 MS	
064			0x30C1	RRR	Reg0	0X01	ROTATE REG RIGHT	
065			0x610D	IOR	Reg1	IO_0D	READ SWITCHES	
066			0x8120	ARI	Reg1	0X20	LOOK AT THE SWITCH	
067			0xC000	BEZ	START			SWITCHES ALL OFF	
068			0xE062	JMP	LOOPRRR			SWITCH STILL ON	
069	TSTADI	0x2007	LRI	Reg0	0X07	DISPLAY TEST NUMBER ON 7SEG	
06a			0x7002	IOW	Reg0	IO_02			
06b			0x2000	LRI	Reg0	0X00			
06c	LOOPADI	0x700C	IOW	Reg0	IO_0C	WRITE LEDS WITH R0	
06d			0xA084	JSR	WAIT250			WAIT 250 MS	
06e			0x0001	ADI	Reg0	0X01	SHOULD COUNT UP	
06f			0x610D	IOR	Reg1	IO_0D	READ SWITCHES	
070			0x8140	ARI	Reg1	0X40	LOOK AT THE SWITCH	
071			0xC000	BEZ	START			SWITCHES ALL OFF	
072			0xE06C	JMP	LOOPADI			SWITCH STILL ON	
073	TSTXRI	0x2008	LRI	Reg0	0X08	DISPLAY TEST NUMBER ON 7SEG	
074			0x7002	IOW	Reg0	IO_02			
075			0x2055	LRI	Reg0	0X55			
076			0x700C	IOW	Reg0	IO_0C	WRITE LEDS WITH R0	
077			0xA084	JSR	WAIT250			WAIT 250 MS	
078			0x40FF	XRI	Reg0	0XFF	INVERT BITS	
079			0x700C	IOW	Reg0	IO_0C	WRITE LEDS WITH R0	
07a			0xA084	JSR	WAIT250			WAIT 250 MS	
07b			0x10AA	CMP	Reg0	0XAA			
07c			0xC080	BEQ	SKIPXRI					
07d			0x20FF	LRI	Reg0	0XFF			
07e			0x700C	IOW	Reg0	IO_0C	WRITE LEDS WITH R0	
07f			0xA084	JSR	WAIT250			WAIT 250 MS	
080	SKIPXRI	0x610D	IOR	Reg1	IO_0D	READ SWITCHES	
081			0x8180	ARI	Reg1	0X80	LOOK AT THE SWITCH	
082			0xC000	BEZ	START			SWITCHES ALL OFF	
083			0xE073	JMP	TSTXRI					
084	WAIT250	0x27FB	LRI	0x07	0XFB	250 MSEC	
085			0x7709	IOW	Reg7	IO_09	WRITE MSEC COUNT	
086	WAIT_RT	0x6708	IOR	Reg7	IO_08	READ TIMER STATUS TO R7	
087			0x8701	ARI	Reg7	0X01	CHECK TIMER DONE	
088			0xD086	BNZ	WAIT_RT			WAIT UNTIL TIMER FINISHES	
089			0xB000	RTS							
