000	START	0x4000	LRI	Reg0	0X00	WRITE TEST NUMBER TO 7SEG	
001			0x7002	IOW	Reg0	7SEGLO8	TEST NUMBER = 0	
002			0x7003	IOW	Reg0	7SEGHI4			
003			0x4000	LRI	Reg0	0X00	WRITE OUT ZERO FOR NO SWITCH	
004			0x700C	IOW	Reg0	J12LEDS	WRITE LEDS WITH ZER0S	
005	NOSWS	0x600D	IOR	Reg0	J12SWS	READ SWITCHES	
006			0xA0FF	ARI	Reg0	0XFF	LOOK AT ALL 8 SWITCHES	
007			0xE005	BEZ	NOSWS			NO SWITCHES ARE SET	
008	CHKSW1	0x600D	IOR	Reg0	J12SWS	READ SWITCHES AGAIN	
009			0xA001	ARI	Reg0	0X01	TEST SW1	
00a			0xF021	BNZ	TSTSLL			SW1 IS ON SLL	
00b	CHKSW2	0x600D	IOR	Reg0	J12SWS	READ SWITCHES AGAIN	
00c			0xA002	ARI	Reg0	0X02	TEST SW2	
00d			0xF02D	BNZ	TSTSLR			SW2 IS ON SLR	
00e	CHKSW3	0x600D	IOR	Reg0	J12SWS	READ SWITCHES AGAIN	
00f			0xA004	ARI	Reg0	0X04	TEST SW3	
010			0xF03B	BNZ	TSTSAL			SW3 IS ON SAL	
011	CHKSW4	0x600D	IOR	Reg0	J12SWS	READ SWITCHES AGAIN	
012			0xA008	ARI	Reg0	0X08	TEST SW4	
013			0xF047	BNZ	TSTSAR			SW4 IS ON  SAR	
014	CHKSW5	0x600D	IOR	Reg0	J12SWS	READ SWITCHES AGAIN	
015			0xA010	ARI	Reg0	0X10	TEST SW5	
016			0xF055	BNZ	TSTRRL			SW5 IS ON RRL	
017	CHKSW6	0x600D	IOR	Reg0	J12SWS	READ SWITCHES AGAIN	
018			0xA020	ARI	Reg0	0X20	TEST SW6	
019			0xF05F	BNZ	TSTRRR			SW6 IS ON RRR	
01a	CHKSW7	0x600D	IOR	Reg0	J12SWS	READ SWITCHES AGAIN	
01b			0xA040	ARI	Reg0	0X40	TEST SW7	
01c			0xF069	BNZ	TSTADI			SW7 IS ON ADI	
01d	CHKSW7	0x600D	IOR	Reg0	J12SWS	READ SWITCHES AGAIN	
01e			0xA080	ARI	Reg0	0X80	TEST SW7	
01f			0xF073	BNZ	TSTXRI			SW7 IS ON ADI	
020	ENDPOL	0xD000	JMP	START			NO SWITCH WAS ON	
021	TSTSLL	0x4001	LRI	Reg0	0X01	DISPLAY TEST NUMBER ON 7SEG	
022			0x7002	IOW	Reg0	7SEGLO8			
023			0x4001	LRI	Reg0	0X01	TEST SHIFT LEFT	
024	LOOPSLL	0x700C	IOW	Reg0	J12LEDS	WRITE LEDS WITH R0	
025			0xC084	JSR	WAIT250			WAIT 250 MS	
026			0x3001	SLL	Reg0	0X01	SHIFT LEFT	
027			0xA0FF	ARI	Reg0	0XFF	CHECK IF RESULT SHIFTS OUT	
028			0xF024	BNZ	LOOPSLL					
029			0x610D	IOR	Reg1	J12SWS	READ SWITCHES	
02a			0xA101	ARI	Reg1	0X01	LOOK AT THE SWITCHES	
02b			0xE000	BEZ	START			SWITCHES ALL OFF	
02c			0xD021	JMP	TSTSLL			SWITCH STILL ON	
02d	TSTSLR	0x4002	LRI	Reg0	0X02	DISPLAY TEST NUMBER ON 7SEG	
02e			0x7002	IOW	Reg0	7SEGLO8			
02f			0x4080	LRI	Reg0	0X80	SHIFT LOGICAL RIGHT	
030			0x4201	LRI	Reg2	0X01			
031	LOOPSLR	0x700C	IOW	Reg0	J12LEDS	WRITE LEDS WITH R0	
032			0xC084	JSR	WAIT250			WAIT 250 MS	
033			0x3081	SLR	Reg0	0X01	SHIFT RIGHT	
034			0x3201	SLL	Reg2	0X01	SHIFT TEST BIT	
035			0xA2FF	ARI	Reg2	0XFF	CHECK IF RESULT SHIFTS OUT	
036			0xF031	BNZ	LOOPSLR					
037			0x610D	IOR	Reg1	J12SWS	READ SWITCHES	
038			0xA102	ARI	Reg1	0X02	LOOK AT THE SWITCH	
039			0xE000	BEZ	START			SWITCHES ALL OFF	
03a			0xD02D	JMP	TSTSLR			SWITCH STILL ON	
03b	TSTSAL	0x4003	LRI	Reg0	0X03	DISPLAY TEST NUMBER ON 7SEG	
03c			0x7002	IOW	Reg0	7SEGLO8			
03d			0x4001	LRI	Reg0	0X01	INITIALIZE R0 TO 1	
03e	LOOPSAL	0x700C	IOW	Reg0	J12LEDS	WRITE LEDS WITH R0	
03f			0xC084	JSR	WAIT250			WAIT 250 MS	
040			0x3021	SAL	Reg0	0X01	SHIFT LEFT	
041			0xA0FF	ARI	Reg0	0XFF	CHECK IF RESULT SHIFTS OUT	
042			0xF03E	BNZ	LOOPSAL					
043			0x610D	IOR	Reg1	J12SWS	READ SWITCHES	
044			0xA104	ARI	Reg1	0X04	LOOK AT THE SWITCH	
045			0xE000	BEZ	START			SWITCHES ALL OFF	
046			0xD03B	JMP	TSTSAL			SWITCH STILL ON	
047	TSTSAR	0x4004	LRI	Reg0	0X04	DISPLAY TEST NUMBER ON 7SEG	
048			0x7002	IOW	Reg0	7SEGLO8			
049			0x4080	LRI	Reg0	0X80	WRITE LEDS WITH R0	
04a			0x4201	LRI	Reg2	0X01	LOOP BIT TEST	
04b	LOOPSAR	0x700C	IOW	Reg0	J12LEDS	WRITE LEDS WITH R0	
04c			0x30A1	SAR	Reg0	0X01	SHIFT RIGHT	
04d			0x3201	SLL	Reg2	0X01	BIT TO TEST FOR LOOP	
04e			0xC084	JSR	WAIT250			WAIT 250 MS	
04f			0xA2FF	ARI	Reg2	0XFF	CHECK FOR 0 (LOOP DONE)	
050			0xF04B	BNZ	LOOPSAR			MORE TO DO	
051			0x610D	IOR	Reg1	J12SWS	READ SWITCHES	
052			0xA108	ARI	Reg1	0X08	LOOK AT THE SWITCH	
053			0xE000	BEZ	START			SWITCHES ALL OFF	
054			0xD047	JMP	TSTSAR			SWITCH STILL ON	
055	TSTRRL	0x4005	LRI	Reg0	0X05	DISPLAY TEST NUMBER ON 7SEG	
056			0x7002	IOW	Reg0	7SEGLO8			
057			0x4001	LRI	Reg0	0X01	TEST ROTATE LEFT	
058	LOOPRRL	0x700C	IOW	Reg0	J12LEDS	WRITE LEDS WITH R0	
059			0xC084	JSR	WAIT250			WAIT 250 MS	
05a			0x3041	RRL	Reg0	0X01	ROTATE REG LEFT	
05b			0x610D	IOR	Reg1	J12SWS	READ SWITCHES	
05c			0xA110	ARI	Reg1	0X10	LOOK AT THE SWITCH	
05d			0xE000	BEZ	START			SWITCHES ALL OFF	
05e			0xD058	JMP	LOOPRRL			SWITCH STILL ON	
05f	TSTRRR	0x4006	LRI	Reg0	0X06	DISPLAY TEST NUMBER ON 7SEG	
060			0x7002	IOW	Reg0	7SEGLO8			
061			0x4080	LRI	Reg0	0X80	TEST SHIFT LEFT	
062	LOOPRRR	0x700C	IOW	Reg0	J12LEDS	WRITE LEDS WITH R0	
063			0xC084	JSR	WAIT250			WAIT 250 MS	
064			0x30C1	RRR	Reg0	0X01	ROTATE REG RIGHT	
065			0x610D	IOR	Reg1	J12SWS	READ SWITCHES	
066			0xA120	ARI	Reg1	0X20	LOOK AT THE SWITCH	
067			0xE000	BEZ	START			SWITCHES ALL OFF	
068			0xD062	JMP	LOOPRRR			SWITCH STILL ON	
069	TSTADI	0x4007	LRI	Reg0	0X07	DISPLAY TEST NUMBER ON 7SEG	
06a			0x7002	IOW	Reg0	7SEGLO8			
06b			0x4000	LRI	Reg0	0X00			
06c	LOOPADI	0x700C	IOW	Reg0	J12LEDS	WRITE LEDS WITH R0	
06d			0xC084	JSR	WAIT250			WAIT 250 MS	
06e			0xB001	ADI	Reg0	0X01	SHOULD COUNT UP	
06f			0x610D	IOR	Reg1	J12SWS	READ SWITCHES	
070			0xA140	ARI	Reg1	0X40	LOOK AT THE SWITCH	
071			0xE000	BEZ	START			SWITCHES ALL OFF	
072			0xD06C	JMP	LOOPADI			SWITCH STILL ON	
073	TSTXRI	0x4008	LRI	Reg0	0X08	DISPLAY TEST NUMBER ON 7SEG	
074			0x7002	IOW	Reg0	7SEGLO8			
075			0x4055	LRI	Reg0	0X55			
076			0x700C	IOW	Reg0	J12LEDS	WRITE LEDS WITH R0	
077			0xC084	JSR	WAIT250			WAIT 250 MS	
078			0x80FF	XRI	Reg0	0XFF	INVERT BITS	
079			0x700C	IOW	Reg0	J12LEDS	WRITE LEDS WITH R0	
07a			0xC084	JSR	WAIT250			WAIT 250 MS	
07b			0x50AA	CMP	Reg0	0XAA			
07c			0xE080	BEQ	SKIPXRI					
07d			0x40FF	LRI	Reg0	0XFF			
07e			0x700C	IOW	Reg0	J12LEDS	WRITE LEDS WITH R0	
07f			0xC084	JSR	WAIT250			WAIT 250 MS	
080	SKIPXRI	0x610D	IOR	Reg1	J12SWS	READ SWITCHES	
081			0xA180	ARI	Reg1	0X80	LOOK AT THE SWITCH	
082			0xE000	BEZ	START			SWITCHES ALL OFF	
083			0xD073	JMP	TSTXRI					
084	WAIT250	0x47FB	LRI	0x07	0XFB	250 MSEC	
085			0x7709	IOW	Reg7	TIME_MS	WRITE MSEC COUNT	
086	WAIT_RT	0x6708	IOR	Reg7	TIME_ST	READ TIMER STATUS TO R7	
087			0xA701	ARI	Reg7	0X01	CHECK TIMER DONE	
088			0xF086	BNZ	WAIT_RT			WAIT UNTIL TIMER FINISHES	
089			0x3008	RTS							
