------------------------------------------------------------
Timing Analyzer Summary
------------------------------------------------------------

Type  : Slow 1200mV 85C Model Setup 'i_clock'
Slack : -14.645
TNS   : -3649.014

Type  : Slow 1200mV 85C Model Setup 'cpu_001:CPU|GreyCode:GreyCodeCounter|o_GreyCode[1]~reg0'
Slack : -8.979
TNS   : -246.035

Type  : Slow 1200mV 85C Model Setup 'cpu_001:CPU|GreyCode:GreyCodeCounter|o_GreyCode[0]~reg0'
Slack : -7.673
TNS   : -152.196

Type  : Slow 1200mV 85C Model Setup 'Loadable_7SD_3LED:sevSeg|w_refresh_counter[18]'
Slack : -4.515
TNS   : -15.117

Type  : Slow 1200mV 85C Model Hold 'cpu_001:CPU|GreyCode:GreyCodeCounter|o_GreyCode[0]~reg0'
Slack : -0.451
TNS   : -0.647

Type  : Slow 1200mV 85C Model Hold 'i_clock'
Slack : 0.176
TNS   : 0.000

Type  : Slow 1200mV 85C Model Hold 'cpu_001:CPU|GreyCode:GreyCodeCounter|o_GreyCode[1]~reg0'
Slack : 0.455
TNS   : 0.000

Type  : Slow 1200mV 85C Model Hold 'Loadable_7SD_3LED:sevSeg|w_refresh_counter[18]'
Slack : 0.873
TNS   : 0.000

Type  : Slow 1200mV 85C Model Recovery 'i_clock'
Slack : -1.636
TNS   : -100.219

Type  : Slow 1200mV 85C Model Recovery 'cpu_001:CPU|GreyCode:GreyCodeCounter|o_GreyCode[1]~reg0'
Slack : -0.341
TNS   : -2.387

Type  : Slow 1200mV 85C Model Removal 'cpu_001:CPU|GreyCode:GreyCodeCounter|o_GreyCode[1]~reg0'
Slack : 0.719
TNS   : 0.000

Type  : Slow 1200mV 85C Model Removal 'i_clock'
Slack : 0.868
TNS   : 0.000

Type  : Slow 1200mV 85C Model Minimum Pulse Width 'i_clock'
Slack : -3.201
TNS   : -813.524

Type  : Slow 1200mV 85C Model Minimum Pulse Width 'cpu_001:CPU|GreyCode:GreyCodeCounter|o_GreyCode[1]~reg0'
Slack : -3.201
TNS   : -62.765

Type  : Slow 1200mV 85C Model Minimum Pulse Width 'cpu_001:CPU|GreyCode:GreyCodeCounter|o_GreyCode[0]~reg0'
Slack : -1.487
TNS   : -34.201

Type  : Slow 1200mV 85C Model Minimum Pulse Width 'Loadable_7SD_3LED:sevSeg|w_refresh_counter[18]'
Slack : 0.311
TNS   : 0.000

Type  : Slow 1200mV 0C Model Setup 'i_clock'
Slack : -13.727
TNS   : -3390.184

Type  : Slow 1200mV 0C Model Setup 'cpu_001:CPU|GreyCode:GreyCodeCounter|o_GreyCode[1]~reg0'
Slack : -8.425
TNS   : -227.353

Type  : Slow 1200mV 0C Model Setup 'cpu_001:CPU|GreyCode:GreyCodeCounter|o_GreyCode[0]~reg0'
Slack : -7.131
TNS   : -140.123

Type  : Slow 1200mV 0C Model Setup 'Loadable_7SD_3LED:sevSeg|w_refresh_counter[18]'
Slack : -4.352
TNS   : -14.524

Type  : Slow 1200mV 0C Model Hold 'cpu_001:CPU|GreyCode:GreyCodeCounter|o_GreyCode[0]~reg0'
Slack : -0.544
TNS   : -0.874

Type  : Slow 1200mV 0C Model Hold 'i_clock'
Slack : 0.128
TNS   : 0.000

Type  : Slow 1200mV 0C Model Hold 'cpu_001:CPU|GreyCode:GreyCodeCounter|o_GreyCode[1]~reg0'
Slack : 0.373
TNS   : 0.000

Type  : Slow 1200mV 0C Model Hold 'Loadable_7SD_3LED:sevSeg|w_refresh_counter[18]'
Slack : 0.821
TNS   : 0.000

Type  : Slow 1200mV 0C Model Recovery 'i_clock'
Slack : -1.456
TNS   : -85.642

Type  : Slow 1200mV 0C Model Recovery 'cpu_001:CPU|GreyCode:GreyCodeCounter|o_GreyCode[1]~reg0'
Slack : -0.236
TNS   : -1.652

Type  : Slow 1200mV 0C Model Removal 'cpu_001:CPU|GreyCode:GreyCodeCounter|o_GreyCode[1]~reg0'
Slack : 0.595
TNS   : 0.000

Type  : Slow 1200mV 0C Model Removal 'i_clock'
Slack : 0.789
TNS   : 0.000

Type  : Slow 1200mV 0C Model Minimum Pulse Width 'i_clock'
Slack : -3.201
TNS   : -813.570

Type  : Slow 1200mV 0C Model Minimum Pulse Width 'cpu_001:CPU|GreyCode:GreyCodeCounter|o_GreyCode[1]~reg0'
Slack : -3.201
TNS   : -63.683

Type  : Slow 1200mV 0C Model Minimum Pulse Width 'cpu_001:CPU|GreyCode:GreyCodeCounter|o_GreyCode[0]~reg0'
Slack : -1.487
TNS   : -36.067

Type  : Slow 1200mV 0C Model Minimum Pulse Width 'Loadable_7SD_3LED:sevSeg|w_refresh_counter[18]'
Slack : 0.208
TNS   : 0.000

Type  : Fast 1200mV 0C Model Setup 'i_clock'
Slack : -5.606
TNS   : -1276.210

Type  : Fast 1200mV 0C Model Setup 'cpu_001:CPU|GreyCode:GreyCodeCounter|o_GreyCode[1]~reg0'
Slack : -3.500
TNS   : -84.764

Type  : Fast 1200mV 0C Model Setup 'cpu_001:CPU|GreyCode:GreyCodeCounter|o_GreyCode[0]~reg0'
Slack : -2.705
TNS   : -50.503

Type  : Fast 1200mV 0C Model Setup 'Loadable_7SD_3LED:sevSeg|w_refresh_counter[18]'
Slack : -1.288
TNS   : -3.911

Type  : Fast 1200mV 0C Model Hold 'cpu_001:CPU|GreyCode:GreyCodeCounter|o_GreyCode[0]~reg0'
Slack : -0.191
TNS   : -0.288

Type  : Fast 1200mV 0C Model Hold 'i_clock'
Slack : 0.099
TNS   : 0.000

Type  : Fast 1200mV 0C Model Hold 'Loadable_7SD_3LED:sevSeg|w_refresh_counter[18]'
Slack : 0.184
TNS   : 0.000

Type  : Fast 1200mV 0C Model Hold 'cpu_001:CPU|GreyCode:GreyCodeCounter|o_GreyCode[1]~reg0'
Slack : 0.186
TNS   : 0.000

Type  : Fast 1200mV 0C Model Recovery 'i_clock'
Slack : -0.243
TNS   : -5.464

Type  : Fast 1200mV 0C Model Recovery 'cpu_001:CPU|GreyCode:GreyCodeCounter|o_GreyCode[1]~reg0'
Slack : 0.368
TNS   : 0.000

Type  : Fast 1200mV 0C Model Removal 'cpu_001:CPU|GreyCode:GreyCodeCounter|o_GreyCode[1]~reg0'
Slack : 0.248
TNS   : 0.000

Type  : Fast 1200mV 0C Model Removal 'i_clock'
Slack : 0.377
TNS   : 0.000

Type  : Fast 1200mV 0C Model Minimum Pulse Width 'i_clock'
Slack : -3.000
TNS   : -672.742

Type  : Fast 1200mV 0C Model Minimum Pulse Width 'cpu_001:CPU|GreyCode:GreyCodeCounter|o_GreyCode[1]~reg0'
Slack : -1.000
TNS   : -41.000

Type  : Fast 1200mV 0C Model Minimum Pulse Width 'cpu_001:CPU|GreyCode:GreyCodeCounter|o_GreyCode[0]~reg0'
Slack : -1.000
TNS   : -23.000

Type  : Fast 1200mV 0C Model Minimum Pulse Width 'Loadable_7SD_3LED:sevSeg|w_refresh_counter[18]'
Slack : 0.418
TNS   : 0.000

------------------------------------------------------------
